// Jest Snapshot v1, https://goo.gl/fbAQLP

exports[`pageLoader error handling passed link to non-existent site 1`] = `"Request failed with status code 404"`;
